<?xml version="1.0" encoding="UTF-8"?>
<testsuites name="jest tests" tests="5" failures="0" errors="0" time="4.776">
  <testsuite name="departments.service" errors="0" failures="0" skipped="0" timestamp="2026-05-05T15:54:56" time="3.09" tests="5">
    <testcase classname="departments.service getAllDepartments()" name="departments.service getAllDepartments()" time="0.007">
    </testcase>
    <testcase classname="departments.service createDepartment()" name="departments.service createDepartment()" time="0.003">
    </testcase>
    <testcase classname="departments.service updateDepartment()" name="departments.service updateDepartment()" time="0.002">
    </testcase>
    <testcase classname="departments.service deleteDepartment()" name="departments.service deleteDepartment()" time="0.002">
    </testcase>
    <testcase classname="departments.service handles errors" name="departments.service handles errors" time="0.004">
    </testcase>
  </testsuite>
</testsuites>